Patient has high blood sugar (glucose 180 mg/dL).
Blood pressure is 160/95 mmHg.
Cholesterol levels are elevated at 240 mg/dL.
